TAP version 13
1..4
not ok 1 - openapi_bad_1.yml
  ---
  message: OpenAPI 3.x detected\n\n/tmp/lint/.automation/test/openapi/openapi_bad_1.ymlopenapi\n 1 1  warning  info-contact      Info object should contain `contact` object.\n 1 1  warning  info-description  OpenAPI object info `description` must be present and non-empty string.\n 1 1  warning  oas3-api-servers  OpenAPI `servers` must be present and non-empty array.\n 1 1    error  oas3-schema       Object should have required property `info`.\n 1 1  warning  openapi-tags      OpenAPI object should have non-empty `tags` array.\n\n✖ 5 problems (1 error, 4 warnings, 0 infos, 0 hints)\n
  ...
not ok 2 - openapi_bad_2.json
  ---
  message: OpenAPI 3.x detected\n\n/tmp/lint/.automation/test/openapi/openapi_bad_2.jsonopenapi\n 1 1  warning  info-contact      Info object should contain `contact` object.\n 1 1  warning  info-description  OpenAPI object info `description` must be present and non-empty string.\n 1 1  warning  oas3-api-servers  OpenAPI `servers` must be present and non-empty array.\n 1 1    error  oas3-schema       Object should have required property `info`.\n 1 1  warning  openapi-tags      OpenAPI object should have non-empty `tags` array.\n\n✖ 5 problems (1 error, 4 warnings, 0 infos, 0 hints)\n
  ...
ok 3 - openapi_good_1.yml
ok 4 - openapi_good_2.json
